
===========================================================================
 report_power
============================================================================
======================= nom_tt_025C_1v80 Corner ===================================

Group                    Internal    Switching      Leakage        Total
                            Power        Power        Power        Power (Watts)
------------------------------------------------------------------------
Sequential           4.810817e-04 2.391247e-04 7.651081e-10 7.202072e-04  29.3%
Combinational        9.351036e-04 8.023673e-04 3.163246e-09 1.737474e-03  70.7%
Clock                0.000000e+00 0.000000e+00 3.304840e-10 3.304840e-10   0.0%
Macro                0.000000e+00 0.000000e+00 0.000000e+00 0.000000e+00   0.0%
Pad                  0.000000e+00 0.000000e+00 0.000000e+00 0.000000e+00   0.0%
------------------------------------------------------------------------
Total                1.416185e-03 1.041492e-03 4.258846e-09 2.457681e-03 100.0%
                            57.6%        42.4%         0.0%
Writing metric power__internal__total: 0.001416184939444065
Writing metric power__switching__total: 0.0010414919815957546
Writing metric power__leakage__total: 4.25884572052837e-9
Writing metric power__total: 0.0024576811119914055

